C:/Program Files/Krita (x64)/bin/ffmpeg.exe -hide_banner -y -y -r 24 -start_number 0 -start_number_range 1 -i C:/Users/andon/OneDrive/My project/FNF-EternalRadio/Source/Cutscene/image%04d.png -ss 0:0:0.000 -t 0:0:8.241 -i C:/Users/andon/OneDrive/My project/FNF-EternalRadio/Source/Cutscene/cutscene0Test.wav -c:v libopenh264 -b:v 5000k C:/Users/andon/OneDrive/My project/FNF-EternalRadio/Source/Cutscene/cutsceneintro.mp4
=====================================================
Input #0, image2, from 'C:/Users/andon/OneDrive/My project/FNF-EternalRadio/Source/Cutscene/image%04d.png':
  Duration: 00:00:08.04, start: 0.000000, bitrate: N/A
  Stream #0:0: Video: png, rgba(pc), 1920x1080 [SAR 11811:11811 DAR 16:9], 25 fps, 25 tbr, 25 tbn, 25 tbc
Guessed Channel Layout for Input Stream #1.0 : stereo
Input #1, wav, from 'C:/Users/andon/OneDrive/My project/FNF-EternalRadio/Source/Cutscene/cutscene0Test.wav':
  Metadata:
    TXXX            : iso6mp41
  Duration: 00:00:08.35, bitrate: 1411 kb/s
  Stream #1:0: Audio: pcm_s16le ([1][0][0][0] / 0x0001), 44100 Hz, stereo, s16, 1411 kb/s
Stream mapping:
  Stream #0:0 -> #0:0 (png (native) -> h264 (libopenh264))
  Stream #1:0 -> #0:1 (pcm_s16le (native) -> aac (native))
Press [q] to stop, [?] for help
[image2 @ 0000022b4d86bb40] Thread message queue blocking; consider raising the thread_queue_size option (current value: 8)
[libopenh264 @ 0000022b4d89fa40] Slice count will be set automatically
[libopenh264 @ 0000022b4d89fa40] [OpenH264] this = 0x0000022B4D878420, Warning:bEnableFrameSkip = 0,bitrate can't be controlled for RC_QUALITY_MODE,RC_BITRATE_MODE and RC_TIMESTAMP_MODE without enabling skip frame.
Output #0, mp4, to 'C:/Users/andon/OneDrive/My project/FNF-EternalRadio/Source/Cutscene/cutsceneintro.mp4':
  Metadata:
    encoder         : Lavf58.76.100
  Stream #0:0: Video: h264 (avc1 / 0x31637661), yuv420p(tv, progressive), 1920x1080 [SAR 1:1 DAR 16:9], q=2-31, 5000 kb/s, 24 fps, 12288 tbn
    Metadata:
      encoder         : Lavc58.134.100 libopenh264
    Side data:
      cpb: bitrate max/min/avg: 5000000/0/5000000 buffer size: 0 vbv_delay: N/A
  Stream #0:1: Audio: aac (LC) (mp4a / 0x6134706D), 44100 Hz, stereo, fltp, 128 kb/s
    Metadata:
      encoder         : Lavc58.134.100 aac
frame=    1 fps=0.0 q=-0.0 size=       0kB time=00:00:00.00 bitrate=4740.7kbits/s speed=0.000412x    frame=   39 fps=0.0 q=-0.0 size=     768kB time=00:00:01.58 bitrate=3973.6kbits/s speed=2.24x    frame=   73 fps= 60 q=-0.0 size=    1536kB time=00:00:03.01 bitrate=4168.6kbits/s speed= 2.5x    frame=  115 fps= 67 q=-0.0 size=    2560kB time=00:00:04.75 bitrate=4415.1kbits/s speed=2.78x    frame=  164 fps= 74 q=-0.0 size=    3328kB time=00:00:06.79 bitrate=4014.2kbits/s speed=3.07x    frame=  201 fps= 78 q=-0.0 Lsize=    4174kB time=00:00:08.33 bitrate=4103.0kbits/s speed=3.22x    
video:4038kB audio:130kB subtitle:0kB other streams:0kB global headers:0kB muxing overhead: 0.145978%
[aac @ 0000022b4d8a1240] Qavg: 169.591
